In this problem you will start with a single positive number. 
Subtract adjacent pairs of digits in that number to get the absolute value of their difference. 
Each result is used to generate a new number. 
Repeat that process as many times as necessary to arrive at a number that is a single digit. 
Display the final single digit.

SAMPLE DATA

Input				Output
Enter the number:  5		5
Enter the number:  98765	0
Enter the number:  128745	3